CRITICAL - 2026-04-22 04:13:43 --> Error: Class "Config\Kint" not found
[Method: GET, Route: /]
in SYSTEMPATH\Autoloader\Autoloader.php on line 531.
 1 SYSTEMPATH\Autoloader\Autoloader.php(498): CodeIgniter\Autoloader\Autoloader->configureKint()
 2 SYSTEMPATH\Boot.php(385): CodeIgniter\Autoloader\Autoloader->initializeKint(true)
 3 SYSTEMPATH\Boot.php(57): CodeIgniter\Boot::initializeKint()
 4 FCPATH\index.php(54): CodeIgniter\Boot::bootWeb(Object(Config\Paths))
CRITICAL - 2026-04-22 04:13:43 --> ErrorException: Uncaught ErrorException: Undefined property: Config\Paths::$viewDirectory in C:\xampp\htdocs\Jusea\JuseaCMN_v2\vendor\codeigniter4\framework\system\Debug\ExceptionHandler.php:110
Stack trace:
#0 C:\xampp\htdocs\Jusea\JuseaCMN_v2\vendor\codeigniter4\framework\system\Debug\ExceptionHandler.php(110): CodeIgniter\Debug\Exceptions->errorHandler(2, 'Undefined prope...', 'C:\\xampp\\htdocs...', 110)
#1 C:\xampp\htdocs\Jusea\JuseaCMN_v2\vendor\codeigniter4\framework\system\Debug\Exceptions.php(151): CodeIgniter\Debug\ExceptionHandler->handle(Object(Error), Object(CodeIgniter\HTTP\IncomingRequest), Object(CodeIgniter\HTTP\Response), 500, 1)
#2 [internal function]: CodeIgniter\Debug\Exceptions->exceptionHandler(Object(Error))
#3 {main}
  thrown
【Previous Exception】
Error
Class "Config\Kint" not found
#0 C:\xampp\htdocs\Jusea\JuseaCMN_v2\vendor\codeigniter4\framework\system\Autoloader\Autoloader.php(498): CodeIgniter\Autoloader\Autoloader->configureKint()
#1 C:\xampp\htdocs\Jusea\JuseaCMN_v2\vendor\codeigniter4\framework\system\Boot.php(385): CodeIgniter\Autoloader\Autoloader->initializeKint(true)
#2 C:\xampp\htdocs\Jusea\JuseaCMN_v2\vendor\codeigniter4\framework\system\Boot.php(57): CodeIgniter\Boot::initializeKint()
#3 C:\xampp\htdocs\Jusea\JuseaCMN_v2\public\index.php(54): CodeIgniter\Boot::bootWeb(Object(Config\Paths))
#4 {main}
[Method: GET, Route: /]
in SYSTEMPATH\Debug\ExceptionHandler.php on line 110.
 1 [internal function]: CodeIgniter\Debug\Exceptions->shutdownHandler()
CRITICAL - 2026-04-22 04:14:43 --> Error: Class "Config\Kint" not found
[Method: GET, Route: /]
in SYSTEMPATH\Autoloader\Autoloader.php on line 531.
 1 SYSTEMPATH\Autoloader\Autoloader.php(498): CodeIgniter\Autoloader\Autoloader->configureKint()
 2 SYSTEMPATH\Boot.php(385): CodeIgniter\Autoloader\Autoloader->initializeKint(true)
 3 SYSTEMPATH\Boot.php(57): CodeIgniter\Boot::initializeKint()
 4 FCPATH\index.php(54): CodeIgniter\Boot::bootWeb(Object(Config\Paths))
CRITICAL - 2026-04-22 04:14:43 --> ErrorException: Uncaught TypeError: CodeIgniter\Debug\BaseExceptionHandler::maskSensitiveData(): Argument #2 ($keysToMask) must be of type array, bool given, called in C:\xampp\htdocs\Jusea\JuseaCMN_v2\vendor\codeigniter4\framework\system\Debug\BaseExceptionHandler.php on line 86 and defined in C:\xampp\htdocs\Jusea\JuseaCMN_v2\vendor\codeigniter4\framework\system\Debug\BaseExceptionHandler.php:103
Stack trace:
#0 C:\xampp\htdocs\Jusea\JuseaCMN_v2\vendor\codeigniter4\framework\system\Debug\BaseExceptionHandler.php(86): CodeIgniter\Debug\BaseExceptionHandler->maskSensitiveData(Array, false)
#1 C:\xampp\htdocs\Jusea\JuseaCMN_v2\vendor\codeigniter4\framework\system\Debug\BaseExceptionHandler.php(265): CodeIgniter\Debug\BaseExceptionHandler->collectVars(Object(Error), 500)
#2 C:\xampp\htdocs\Jusea\JuseaCMN_v2\vendor\codeigniter4\framework\system\Debug\BaseExceptionHandler.php(273): CodeIgniter\Debug\BaseExceptionHandler->CodeIgniter\Debug\{closure}()
#3 C:\xampp\htdocs\Jusea\JuseaCMN_v2\vendor\codeigniter4\framework\system\Debug\ExceptionHandler.php(126): CodeIgniter\Debug\BaseExceptionHandler->render(Object(Error), 500, 'C:\\xampp\\htdocs...')
#4 C:\xampp\htdocs\Jusea\JuseaCMN_v2\vendor\codeigniter4\framework\system\Debug\Exceptions.php(151): CodeIgniter\Debug\ExceptionHandler->handle(Object(Error), Object(CodeIgniter\HTTP\IncomingRequest), Object(CodeIgniter\HTTP\Response), 500, 1)
#5 [internal function]: CodeIgniter\Debug\Exceptions->exceptionHandler(Object(Error))
#6 {main}
  thrown
【Previous Exception】
Error
Class "Config\Kint" not found
#0 C:\xampp\htdocs\Jusea\JuseaCMN_v2\vendor\codeigniter4\framework\system\Autoloader\Autoloader.php(498): CodeIgniter\Autoloader\Autoloader->configureKint()
#1 C:\xampp\htdocs\Jusea\JuseaCMN_v2\vendor\codeigniter4\framework\system\Boot.php(385): CodeIgniter\Autoloader\Autoloader->initializeKint(true)
#2 C:\xampp\htdocs\Jusea\JuseaCMN_v2\vendor\codeigniter4\framework\system\Boot.php(57): CodeIgniter\Boot::initializeKint()
#3 C:\xampp\htdocs\Jusea\JuseaCMN_v2\public\index.php(54): CodeIgniter\Boot::bootWeb(Object(Config\Paths))
#4 {main}
[Method: GET, Route: /]
in SYSTEMPATH\Debug\BaseExceptionHandler.php on line 103.
 1 [internal function]: CodeIgniter\Debug\Exceptions->shutdownHandler()
CRITICAL - 2026-04-22 04:16:06 --> Error: Class "Config\Kint" not found
[Method: GET, Route: /]
in SYSTEMPATH\Autoloader\Autoloader.php on line 531.
 1 SYSTEMPATH\Autoloader\Autoloader.php(498): CodeIgniter\Autoloader\Autoloader->configureKint()
 2 SYSTEMPATH\Boot.php(385): CodeIgniter\Autoloader\Autoloader->initializeKint(true)
 3 SYSTEMPATH\Boot.php(57): CodeIgniter\Boot::initializeKint()
 4 FCPATH\index.php(54): CodeIgniter\Boot::bootWeb(Object(Config\Paths))
CRITICAL - 2026-04-22 04:16:06 --> ErrorException: Uncaught TypeError: CodeIgniter\Debug\BaseExceptionHandler::maskSensitiveData(): Argument #2 ($keysToMask) must be of type array, bool given, called in C:\xampp\htdocs\Jusea\JuseaCMN_v2\vendor\codeigniter4\framework\system\Debug\BaseExceptionHandler.php on line 86 and defined in C:\xampp\htdocs\Jusea\JuseaCMN_v2\vendor\codeigniter4\framework\system\Debug\BaseExceptionHandler.php:103
Stack trace:
#0 C:\xampp\htdocs\Jusea\JuseaCMN_v2\vendor\codeigniter4\framework\system\Debug\BaseExceptionHandler.php(86): CodeIgniter\Debug\BaseExceptionHandler->maskSensitiveData(Array, false)
#1 C:\xampp\htdocs\Jusea\JuseaCMN_v2\vendor\codeigniter4\framework\system\Debug\BaseExceptionHandler.php(265): CodeIgniter\Debug\BaseExceptionHandler->collectVars(Object(Error), 500)
#2 C:\xampp\htdocs\Jusea\JuseaCMN_v2\vendor\codeigniter4\framework\system\Debug\BaseExceptionHandler.php(273): CodeIgniter\Debug\BaseExceptionHandler->CodeIgniter\Debug\{closure}()
#3 C:\xampp\htdocs\Jusea\JuseaCMN_v2\vendor\codeigniter4\framework\system\Debug\ExceptionHandler.php(126): CodeIgniter\Debug\BaseExceptionHandler->render(Object(Error), 500, 'C:\\xampp\\htdocs...')
#4 C:\xampp\htdocs\Jusea\JuseaCMN_v2\vendor\codeigniter4\framework\system\Debug\Exceptions.php(151): CodeIgniter\Debug\ExceptionHandler->handle(Object(Error), Object(CodeIgniter\HTTP\IncomingRequest), Object(CodeIgniter\HTTP\Response), 500, 1)
#5 [internal function]: CodeIgniter\Debug\Exceptions->exceptionHandler(Object(Error))
#6 {main}
  thrown
【Previous Exception】
Error
Class "Config\Kint" not found
#0 C:\xampp\htdocs\Jusea\JuseaCMN_v2\vendor\codeigniter4\framework\system\Autoloader\Autoloader.php(498): CodeIgniter\Autoloader\Autoloader->configureKint()
#1 C:\xampp\htdocs\Jusea\JuseaCMN_v2\vendor\codeigniter4\framework\system\Boot.php(385): CodeIgniter\Autoloader\Autoloader->initializeKint(true)
#2 C:\xampp\htdocs\Jusea\JuseaCMN_v2\vendor\codeigniter4\framework\system\Boot.php(57): CodeIgniter\Boot::initializeKint()
#3 C:\xampp\htdocs\Jusea\JuseaCMN_v2\public\index.php(54): CodeIgniter\Boot::bootWeb(Object(Config\Paths))
#4 {main}
[Method: GET, Route: /]
in SYSTEMPATH\Debug\BaseExceptionHandler.php on line 103.
 1 [internal function]: CodeIgniter\Debug\Exceptions->shutdownHandler()
CRITICAL - 2026-04-22 04:16:50 --> Error: Class "Config\Kint" not found
[Method: GET, Route: /]
in SYSTEMPATH\Autoloader\Autoloader.php on line 531.
 1 SYSTEMPATH\Autoloader\Autoloader.php(498): CodeIgniter\Autoloader\Autoloader->configureKint()
 2 SYSTEMPATH\Boot.php(385): CodeIgniter\Autoloader\Autoloader->initializeKint(true)
 3 SYSTEMPATH\Boot.php(57): CodeIgniter\Boot::initializeKint()
 4 FCPATH\index.php(54): CodeIgniter\Boot::bootWeb(Object(Config\Paths))
CRITICAL - 2026-04-22 04:16:50 --> ErrorException: Uncaught TypeError: CodeIgniter\Debug\BaseExceptionHandler::maskSensitiveData(): Argument #2 ($keysToMask) must be of type array, bool given, called in C:\xampp\htdocs\Jusea\JuseaCMN_v2\vendor\codeigniter4\framework\system\Debug\BaseExceptionHandler.php on line 86 and defined in C:\xampp\htdocs\Jusea\JuseaCMN_v2\vendor\codeigniter4\framework\system\Debug\BaseExceptionHandler.php:103
Stack trace:
#0 C:\xampp\htdocs\Jusea\JuseaCMN_v2\vendor\codeigniter4\framework\system\Debug\BaseExceptionHandler.php(86): CodeIgniter\Debug\BaseExceptionHandler->maskSensitiveData(Array, false)
#1 C:\xampp\htdocs\Jusea\JuseaCMN_v2\vendor\codeigniter4\framework\system\Debug\BaseExceptionHandler.php(265): CodeIgniter\Debug\BaseExceptionHandler->collectVars(Object(Error), 500)
#2 C:\xampp\htdocs\Jusea\JuseaCMN_v2\vendor\codeigniter4\framework\system\Debug\BaseExceptionHandler.php(273): CodeIgniter\Debug\BaseExceptionHandler->CodeIgniter\Debug\{closure}()
#3 C:\xampp\htdocs\Jusea\JuseaCMN_v2\vendor\codeigniter4\framework\system\Debug\ExceptionHandler.php(126): CodeIgniter\Debug\BaseExceptionHandler->render(Object(Error), 500, 'C:\\xampp\\htdocs...')
#4 C:\xampp\htdocs\Jusea\JuseaCMN_v2\vendor\codeigniter4\framework\system\Debug\Exceptions.php(151): CodeIgniter\Debug\ExceptionHandler->handle(Object(Error), Object(CodeIgniter\HTTP\IncomingRequest), Object(CodeIgniter\HTTP\Response), 500, 1)
#5 [internal function]: CodeIgniter\Debug\Exceptions->exceptionHandler(Object(Error))
#6 {main}
  thrown
【Previous Exception】
Error
Class "Config\Kint" not found
#0 C:\xampp\htdocs\Jusea\JuseaCMN_v2\vendor\codeigniter4\framework\system\Autoloader\Autoloader.php(498): CodeIgniter\Autoloader\Autoloader->configureKint()
#1 C:\xampp\htdocs\Jusea\JuseaCMN_v2\vendor\codeigniter4\framework\system\Boot.php(385): CodeIgniter\Autoloader\Autoloader->initializeKint(true)
#2 C:\xampp\htdocs\Jusea\JuseaCMN_v2\vendor\codeigniter4\framework\system\Boot.php(57): CodeIgniter\Boot::initializeKint()
#3 C:\xampp\htdocs\Jusea\JuseaCMN_v2\public\index.php(54): CodeIgniter\Boot::bootWeb(Object(Config\Paths))
#4 {main}
[Method: GET, Route: /]
in SYSTEMPATH\Debug\BaseExceptionHandler.php on line 103.
 1 [internal function]: CodeIgniter\Debug\Exceptions->shutdownHandler()
CRITICAL - 2026-04-22 04:16:52 --> Error: Class "Config\Kint" not found
[Method: GET, Route: /]
in SYSTEMPATH\Autoloader\Autoloader.php on line 531.
 1 SYSTEMPATH\Autoloader\Autoloader.php(498): CodeIgniter\Autoloader\Autoloader->configureKint()
 2 SYSTEMPATH\Boot.php(385): CodeIgniter\Autoloader\Autoloader->initializeKint(true)
 3 SYSTEMPATH\Boot.php(57): CodeIgniter\Boot::initializeKint()
 4 FCPATH\index.php(54): CodeIgniter\Boot::bootWeb(Object(Config\Paths))
CRITICAL - 2026-04-22 04:16:52 --> ErrorException: Uncaught TypeError: CodeIgniter\Debug\BaseExceptionHandler::maskSensitiveData(): Argument #2 ($keysToMask) must be of type array, bool given, called in C:\xampp\htdocs\Jusea\JuseaCMN_v2\vendor\codeigniter4\framework\system\Debug\BaseExceptionHandler.php on line 86 and defined in C:\xampp\htdocs\Jusea\JuseaCMN_v2\vendor\codeigniter4\framework\system\Debug\BaseExceptionHandler.php:103
Stack trace:
#0 C:\xampp\htdocs\Jusea\JuseaCMN_v2\vendor\codeigniter4\framework\system\Debug\BaseExceptionHandler.php(86): CodeIgniter\Debug\BaseExceptionHandler->maskSensitiveData(Array, false)
#1 C:\xampp\htdocs\Jusea\JuseaCMN_v2\vendor\codeigniter4\framework\system\Debug\BaseExceptionHandler.php(265): CodeIgniter\Debug\BaseExceptionHandler->collectVars(Object(Error), 500)
#2 C:\xampp\htdocs\Jusea\JuseaCMN_v2\vendor\codeigniter4\framework\system\Debug\BaseExceptionHandler.php(273): CodeIgniter\Debug\BaseExceptionHandler->CodeIgniter\Debug\{closure}()
#3 C:\xampp\htdocs\Jusea\JuseaCMN_v2\vendor\codeigniter4\framework\system\Debug\ExceptionHandler.php(126): CodeIgniter\Debug\BaseExceptionHandler->render(Object(Error), 500, 'C:\\xampp\\htdocs...')
#4 C:\xampp\htdocs\Jusea\JuseaCMN_v2\vendor\codeigniter4\framework\system\Debug\Exceptions.php(151): CodeIgniter\Debug\ExceptionHandler->handle(Object(Error), Object(CodeIgniter\HTTP\IncomingRequest), Object(CodeIgniter\HTTP\Response), 500, 1)
#5 [internal function]: CodeIgniter\Debug\Exceptions->exceptionHandler(Object(Error))
#6 {main}
  thrown
【Previous Exception】
Error
Class "Config\Kint" not found
#0 C:\xampp\htdocs\Jusea\JuseaCMN_v2\vendor\codeigniter4\framework\system\Autoloader\Autoloader.php(498): CodeIgniter\Autoloader\Autoloader->configureKint()
#1 C:\xampp\htdocs\Jusea\JuseaCMN_v2\vendor\codeigniter4\framework\system\Boot.php(385): CodeIgniter\Autoloader\Autoloader->initializeKint(true)
#2 C:\xampp\htdocs\Jusea\JuseaCMN_v2\vendor\codeigniter4\framework\system\Boot.php(57): CodeIgniter\Boot::initializeKint()
#3 C:\xampp\htdocs\Jusea\JuseaCMN_v2\public\index.php(54): CodeIgniter\Boot::bootWeb(Object(Config\Paths))
#4 {main}
[Method: GET, Route: /]
in SYSTEMPATH\Debug\BaseExceptionHandler.php on line 103.
 1 [internal function]: CodeIgniter\Debug\Exceptions->shutdownHandler()
CRITICAL - 2026-04-22 04:16:52 --> Error: Class "Config\Kint" not found
[Method: GET, Route: /]
in SYSTEMPATH\Autoloader\Autoloader.php on line 531.
 1 SYSTEMPATH\Autoloader\Autoloader.php(498): CodeIgniter\Autoloader\Autoloader->configureKint()
 2 SYSTEMPATH\Boot.php(385): CodeIgniter\Autoloader\Autoloader->initializeKint(true)
 3 SYSTEMPATH\Boot.php(57): CodeIgniter\Boot::initializeKint()
 4 FCPATH\index.php(54): CodeIgniter\Boot::bootWeb(Object(Config\Paths))
CRITICAL - 2026-04-22 04:16:52 --> ErrorException: Uncaught TypeError: CodeIgniter\Debug\BaseExceptionHandler::maskSensitiveData(): Argument #2 ($keysToMask) must be of type array, bool given, called in C:\xampp\htdocs\Jusea\JuseaCMN_v2\vendor\codeigniter4\framework\system\Debug\BaseExceptionHandler.php on line 86 and defined in C:\xampp\htdocs\Jusea\JuseaCMN_v2\vendor\codeigniter4\framework\system\Debug\BaseExceptionHandler.php:103
Stack trace:
#0 C:\xampp\htdocs\Jusea\JuseaCMN_v2\vendor\codeigniter4\framework\system\Debug\BaseExceptionHandler.php(86): CodeIgniter\Debug\BaseExceptionHandler->maskSensitiveData(Array, false)
#1 C:\xampp\htdocs\Jusea\JuseaCMN_v2\vendor\codeigniter4\framework\system\Debug\BaseExceptionHandler.php(265): CodeIgniter\Debug\BaseExceptionHandler->collectVars(Object(Error), 500)
#2 C:\xampp\htdocs\Jusea\JuseaCMN_v2\vendor\codeigniter4\framework\system\Debug\BaseExceptionHandler.php(273): CodeIgniter\Debug\BaseExceptionHandler->CodeIgniter\Debug\{closure}()
#3 C:\xampp\htdocs\Jusea\JuseaCMN_v2\vendor\codeigniter4\framework\system\Debug\ExceptionHandler.php(126): CodeIgniter\Debug\BaseExceptionHandler->render(Object(Error), 500, 'C:\\xampp\\htdocs...')
#4 C:\xampp\htdocs\Jusea\JuseaCMN_v2\vendor\codeigniter4\framework\system\Debug\Exceptions.php(151): CodeIgniter\Debug\ExceptionHandler->handle(Object(Error), Object(CodeIgniter\HTTP\IncomingRequest), Object(CodeIgniter\HTTP\Response), 500, 1)
#5 [internal function]: CodeIgniter\Debug\Exceptions->exceptionHandler(Object(Error))
#6 {main}
  thrown
【Previous Exception】
Error
Class "Config\Kint" not found
#0 C:\xampp\htdocs\Jusea\JuseaCMN_v2\vendor\codeigniter4\framework\system\Autoloader\Autoloader.php(498): CodeIgniter\Autoloader\Autoloader->configureKint()
#1 C:\xampp\htdocs\Jusea\JuseaCMN_v2\vendor\codeigniter4\framework\system\Boot.php(385): CodeIgniter\Autoloader\Autoloader->initializeKint(true)
#2 C:\xampp\htdocs\Jusea\JuseaCMN_v2\vendor\codeigniter4\framework\system\Boot.php(57): CodeIgniter\Boot::initializeKint()
#3 C:\xampp\htdocs\Jusea\JuseaCMN_v2\public\index.php(54): CodeIgniter\Boot::bootWeb(Object(Config\Paths))
#4 {main}
[Method: GET, Route: /]
in SYSTEMPATH\Debug\BaseExceptionHandler.php on line 103.
 1 [internal function]: CodeIgniter\Debug\Exceptions->shutdownHandler()
CRITICAL - 2026-04-22 04:17:24 --> Error: Class "Config\Kint" not found
[Method: GET, Route: /]
in SYSTEMPATH\Autoloader\Autoloader.php on line 531.
 1 SYSTEMPATH\Autoloader\Autoloader.php(498): CodeIgniter\Autoloader\Autoloader->configureKint()
 2 SYSTEMPATH\Boot.php(385): CodeIgniter\Autoloader\Autoloader->initializeKint(true)
 3 SYSTEMPATH\Boot.php(57): CodeIgniter\Boot::initializeKint()
 4 FCPATH\index.php(54): CodeIgniter\Boot::bootWeb(Object(Config\Paths))
CRITICAL - 2026-04-22 04:17:53 --> TypeError: CodeIgniter\Cache\CacheFactory::getHandler(): Argument #1 ($config) must be of type Config\Cache, null given, called in C:\xampp\htdocs\Jusea\JuseaCMN_v2\vendor\codeigniter4\framework\system\Config\Services.php on line 129
[Method: GET, Route: /]
in SYSTEMPATH\Cache\CacheFactory.php on line 50.
 1 SYSTEMPATH\Config\Services.php(129): CodeIgniter\Cache\CacheFactory::getHandler(null)
 2 SYSTEMPATH\Config\BaseService.php(325): CodeIgniter\Config\Services::cache(null, false)
 3 SYSTEMPATH\Config\BaseService.php(264): CodeIgniter\Config\BaseService::__callStatic('cache', [...])
 4 SYSTEMPATH\Config\Services.php(124): CodeIgniter\Config\BaseService::getSharedInstance('cache', null)
 5 SYSTEMPATH\Config\BaseService.php(334): CodeIgniter\Config\Services::cache()
 6 SYSTEMPATH\Config\BaseService.php(203): CodeIgniter\Config\BaseService::__callStatic('cache', [])
 7 SYSTEMPATH\Config\Services.php(454): CodeIgniter\Config\BaseService::get('cache')
 8 SYSTEMPATH\Config\BaseService.php(325): CodeIgniter\Config\Services::responsecache(null, null, false)
 9 SYSTEMPATH\Config\BaseService.php(264): CodeIgniter\Config\BaseService::__callStatic('responsecache', [...])
10 SYSTEMPATH\Config\Services.php(450): CodeIgniter\Config\BaseService::getSharedInstance('responsecache', null, null)
11 SYSTEMPATH\Config\BaseService.php(334): CodeIgniter\Config\Services::responsecache()
12 SYSTEMPATH\CodeIgniter.php(178): CodeIgniter\Config\BaseService::__callStatic('responsecache', [])
13 SYSTEMPATH\Config\Services.php(164): CodeIgniter\CodeIgniter->__construct(Object(Config\App))
14 SYSTEMPATH\Config\BaseService.php(325): CodeIgniter\Config\Services::codeigniter(Object(Config\App), false)
15 SYSTEMPATH\Config\BaseService.php(264): CodeIgniter\Config\BaseService::__callStatic('codeigniter', [...])
16 SYSTEMPATH\Config\Services.php(159): CodeIgniter\Config\BaseService::getSharedInstance('codeigniter', null)
17 SYSTEMPATH\Config\BaseService.php(334): CodeIgniter\Config\Services::codeigniter()
18 SYSTEMPATH\Config\BaseService.php(203): CodeIgniter\Config\BaseService::__callStatic('codeigniter', [])
19 SYSTEMPATH\Common.php(1078): CodeIgniter\Config\BaseService::get('codeigniter')
20 SYSTEMPATH\Boot.php(403): service('codeigniter')
21 SYSTEMPATH\Boot.php(67): CodeIgniter\Boot::initializeCodeIgniter()
22 FCPATH\index.php(54): CodeIgniter\Boot::bootWeb(Object(Config\Paths))
