ERROR - 2026-04-27 20:21:59 --> Error connecting to the database: mysqli_sql_exception: An attempt was made to access a socket in a way forbidden by its access permissions in C:\Paginas\Jusea\vendor\codeigniter4\framework\system\Database\MySQLi\Connection.php:201
Stack trace:
#0 C:\Paginas\Jusea\vendor\codeigniter4\framework\system\Database\MySQLi\Connection.php(201): mysqli->real_connect()
#1 C:\Paginas\Jusea\vendor\codeigniter4\framework\system\Database\BaseConnection.php(555): CodeIgniter\Database\MySQLi\Connection->connect()
#2 C:\Paginas\Jusea\vendor\codeigniter4\framework\system\Database\BaseConnection.php(795): CodeIgniter\Database\BaseConnection->initialize()
#3 C:\Paginas\Jusea\vendor\codeigniter4\framework\system\Database\BaseBuilder.php(1649): CodeIgniter\Database\BaseConnection->query()
#4 C:\Paginas\Jusea\vendor\codeigniter4\framework\system\Model.php(295): CodeIgniter\Database\BaseBuilder->get()
#5 C:\Paginas\Jusea\vendor\codeigniter4\framework\system\BaseModel.php(714): CodeIgniter\Model->doFirst()
#6 C:\Paginas\Jusea\app\Models\UsuarioModel.php(71): CodeIgniter\BaseModel->first()
#7 C:\Paginas\Jusea\app\Controllers\AuthController.php(40): App\Models\UsuarioModel->autenticar()
#8 C:\Paginas\Jusea\vendor\codeigniter4\framework\system\CodeIgniter.php(951): App\Controllers\AuthController->authenticate()
#9 C:\Paginas\Jusea\vendor\codeigniter4\framework\system\CodeIgniter.php(497): CodeIgniter\CodeIgniter->runController()
#10 C:\Paginas\Jusea\vendor\codeigniter4\framework\system\CodeIgniter.php(340): CodeIgniter\CodeIgniter->handleRequest()
#11 C:\Paginas\Jusea\vendor\codeigniter4\framework\system\Boot.php(417): CodeIgniter\CodeIgniter->run()
#12 C:\Paginas\Jusea\vendor\codeigniter4\framework\system\Boot.php(68): CodeIgniter\Boot::runCodeIgniter()
#13 C:\Paginas\Jusea\public\index.php(54): CodeIgniter\Boot::bootWeb()
#14 {main}

Next CodeIgniter\Database\Exceptions\DatabaseException: An attempt was made to access a socket in a way forbidden by its access permissions in C:\Paginas\Jusea\vendor\codeigniter4\framework\system\Database\MySQLi\Connection.php:231
Stack trace:
#0 C:\Paginas\Jusea\vendor\codeigniter4\framework\system\Database\BaseConnection.php(555): CodeIgniter\Database\MySQLi\Connection->connect()
#1 C:\Paginas\Jusea\vendor\codeigniter4\framework\system\Database\BaseConnection.php(795): CodeIgniter\Database\BaseConnection->initialize()
#2 C:\Paginas\Jusea\vendor\codeigniter4\framework\system\Database\BaseBuilder.php(1649): CodeIgniter\Database\BaseConnection->query()
#3 C:\Paginas\Jusea\vendor\codeigniter4\framework\system\Model.php(295): CodeIgniter\Database\BaseBuilder->get()
#4 C:\Paginas\Jusea\vendor\codeigniter4\framework\system\BaseModel.php(714): CodeIgniter\Model->doFirst()
#5 C:\Paginas\Jusea\app\Models\UsuarioModel.php(71): CodeIgniter\BaseModel->first()
#6 C:\Paginas\Jusea\app\Controllers\AuthController.php(40): App\Models\UsuarioModel->autenticar()
#7 C:\Paginas\Jusea\vendor\codeigniter4\framework\system\CodeIgniter.php(951): App\Controllers\AuthController->authenticate()
#8 C:\Paginas\Jusea\vendor\codeigniter4\framework\system\CodeIgniter.php(497): CodeIgniter\CodeIgniter->runController()
#9 C:\Paginas\Jusea\vendor\codeigniter4\framework\system\CodeIgniter.php(340): CodeIgniter\CodeIgniter->handleRequest()
#10 C:\Paginas\Jusea\vendor\codeigniter4\framework\system\Boot.php(417): CodeIgniter\CodeIgniter->run()
#11 C:\Paginas\Jusea\vendor\codeigniter4\framework\system\Boot.php(68): CodeIgniter\Boot::runCodeIgniter()
#12 C:\Paginas\Jusea\public\index.php(54): CodeIgniter\Boot::bootWeb()
#13 {main}
CRITICAL - 2026-04-27 20:21:59 --> CodeIgniter\Database\Exceptions\DatabaseException: Unable to connect to the database.
Main connection [MySQLi]: An attempt was made to access a socket in a way forbidden by its access permissions
[Method: POST, Route: login]
in SYSTEMPATH\Database\BaseConnection.php on line 606.
 1 SYSTEMPATH\Database\BaseConnection.php(795): CodeIgniter\Database\BaseConnection->initialize()
 2 SYSTEMPATH\Database\BaseBuilder.php(1649): CodeIgniter\Database\BaseConnection->query()
 3 SYSTEMPATH\Model.php(295): CodeIgniter\Database\BaseBuilder->get()
 4 SYSTEMPATH\BaseModel.php(714): CodeIgniter\Model->doFirst()
 5 APPPATH\Models\UsuarioModel.php(71): CodeIgniter\BaseModel->first()
 6 APPPATH\Controllers\AuthController.php(40): App\Models\UsuarioModel->autenticar()
 7 SYSTEMPATH\CodeIgniter.php(951): App\Controllers\AuthController->authenticate()
 8 SYSTEMPATH\CodeIgniter.php(497): CodeIgniter\CodeIgniter->runController()
 9 SYSTEMPATH\CodeIgniter.php(340): CodeIgniter\CodeIgniter->handleRequest()
10 SYSTEMPATH\Boot.php(417): CodeIgniter\CodeIgniter->run()
11 SYSTEMPATH\Boot.php(68): CodeIgniter\Boot::runCodeIgniter()
12 FCPATH\index.php(54): CodeIgniter\Boot::bootWeb()
ERROR - 2026-04-27 20:25:30 --> Error connecting to the database: mysqli_sql_exception: An attempt was made to access a socket in a way forbidden by its access permissions in C:\Paginas\Jusea\vendor\codeigniter4\framework\system\Database\MySQLi\Connection.php:201
Stack trace:
#0 C:\Paginas\Jusea\vendor\codeigniter4\framework\system\Database\MySQLi\Connection.php(201): mysqli->real_connect()
#1 C:\Paginas\Jusea\vendor\codeigniter4\framework\system\Database\BaseConnection.php(555): CodeIgniter\Database\MySQLi\Connection->connect()
#2 C:\Paginas\Jusea\vendor\codeigniter4\framework\system\Database\BaseConnection.php(795): CodeIgniter\Database\BaseConnection->initialize()
#3 C:\Paginas\Jusea\vendor\codeigniter4\framework\system\Database\BaseBuilder.php(1649): CodeIgniter\Database\BaseConnection->query()
#4 C:\Paginas\Jusea\vendor\codeigniter4\framework\system\Model.php(295): CodeIgniter\Database\BaseBuilder->get()
#5 C:\Paginas\Jusea\vendor\codeigniter4\framework\system\BaseModel.php(714): CodeIgniter\Model->doFirst()
#6 C:\Paginas\Jusea\app\Models\UsuarioModel.php(71): CodeIgniter\BaseModel->first()
#7 C:\Paginas\Jusea\app\Controllers\AuthController.php(40): App\Models\UsuarioModel->autenticar()
#8 C:\Paginas\Jusea\vendor\codeigniter4\framework\system\CodeIgniter.php(951): App\Controllers\AuthController->authenticate()
#9 C:\Paginas\Jusea\vendor\codeigniter4\framework\system\CodeIgniter.php(497): CodeIgniter\CodeIgniter->runController()
#10 C:\Paginas\Jusea\vendor\codeigniter4\framework\system\CodeIgniter.php(340): CodeIgniter\CodeIgniter->handleRequest()
#11 C:\Paginas\Jusea\vendor\codeigniter4\framework\system\Boot.php(417): CodeIgniter\CodeIgniter->run()
#12 C:\Paginas\Jusea\vendor\codeigniter4\framework\system\Boot.php(68): CodeIgniter\Boot::runCodeIgniter()
#13 C:\Paginas\Jusea\public\index.php(54): CodeIgniter\Boot::bootWeb()
#14 {main}

Next CodeIgniter\Database\Exceptions\DatabaseException: An attempt was made to access a socket in a way forbidden by its access permissions in C:\Paginas\Jusea\vendor\codeigniter4\framework\system\Database\MySQLi\Connection.php:231
Stack trace:
#0 C:\Paginas\Jusea\vendor\codeigniter4\framework\system\Database\BaseConnection.php(555): CodeIgniter\Database\MySQLi\Connection->connect()
#1 C:\Paginas\Jusea\vendor\codeigniter4\framework\system\Database\BaseConnection.php(795): CodeIgniter\Database\BaseConnection->initialize()
#2 C:\Paginas\Jusea\vendor\codeigniter4\framework\system\Database\BaseBuilder.php(1649): CodeIgniter\Database\BaseConnection->query()
#3 C:\Paginas\Jusea\vendor\codeigniter4\framework\system\Model.php(295): CodeIgniter\Database\BaseBuilder->get()
#4 C:\Paginas\Jusea\vendor\codeigniter4\framework\system\BaseModel.php(714): CodeIgniter\Model->doFirst()
#5 C:\Paginas\Jusea\app\Models\UsuarioModel.php(71): CodeIgniter\BaseModel->first()
#6 C:\Paginas\Jusea\app\Controllers\AuthController.php(40): App\Models\UsuarioModel->autenticar()
#7 C:\Paginas\Jusea\vendor\codeigniter4\framework\system\CodeIgniter.php(951): App\Controllers\AuthController->authenticate()
#8 C:\Paginas\Jusea\vendor\codeigniter4\framework\system\CodeIgniter.php(497): CodeIgniter\CodeIgniter->runController()
#9 C:\Paginas\Jusea\vendor\codeigniter4\framework\system\CodeIgniter.php(340): CodeIgniter\CodeIgniter->handleRequest()
#10 C:\Paginas\Jusea\vendor\codeigniter4\framework\system\Boot.php(417): CodeIgniter\CodeIgniter->run()
#11 C:\Paginas\Jusea\vendor\codeigniter4\framework\system\Boot.php(68): CodeIgniter\Boot::runCodeIgniter()
#12 C:\Paginas\Jusea\public\index.php(54): CodeIgniter\Boot::bootWeb()
#13 {main}
CRITICAL - 2026-04-27 20:25:30 --> CodeIgniter\Database\Exceptions\DatabaseException: Unable to connect to the database.
Main connection [MySQLi]: An attempt was made to access a socket in a way forbidden by its access permissions
[Method: POST, Route: login]
in SYSTEMPATH\Database\BaseConnection.php on line 606.
 1 SYSTEMPATH\Database\BaseConnection.php(795): CodeIgniter\Database\BaseConnection->initialize()
 2 SYSTEMPATH\Database\BaseBuilder.php(1649): CodeIgniter\Database\BaseConnection->query()
 3 SYSTEMPATH\Model.php(295): CodeIgniter\Database\BaseBuilder->get()
 4 SYSTEMPATH\BaseModel.php(714): CodeIgniter\Model->doFirst()
 5 APPPATH\Models\UsuarioModel.php(71): CodeIgniter\BaseModel->first()
 6 APPPATH\Controllers\AuthController.php(40): App\Models\UsuarioModel->autenticar()
 7 SYSTEMPATH\CodeIgniter.php(951): App\Controllers\AuthController->authenticate()
 8 SYSTEMPATH\CodeIgniter.php(497): CodeIgniter\CodeIgniter->runController()
 9 SYSTEMPATH\CodeIgniter.php(340): CodeIgniter\CodeIgniter->handleRequest()
10 SYSTEMPATH\Boot.php(417): CodeIgniter\CodeIgniter->run()
11 SYSTEMPATH\Boot.php(68): CodeIgniter\Boot::runCodeIgniter()
12 FCPATH\index.php(54): CodeIgniter\Boot::bootWeb()
ERROR - 2026-04-27 20:32:26 --> Error connecting to the database: mysqli_sql_exception: An attempt was made to access a socket in a way forbidden by its access permissions in C:\Paginas\Jusea\vendor\codeigniter4\framework\system\Database\MySQLi\Connection.php:201
Stack trace:
#0 C:\Paginas\Jusea\vendor\codeigniter4\framework\system\Database\MySQLi\Connection.php(201): mysqli->real_connect()
#1 C:\Paginas\Jusea\vendor\codeigniter4\framework\system\Database\BaseConnection.php(555): CodeIgniter\Database\MySQLi\Connection->connect()
#2 C:\Paginas\Jusea\vendor\codeigniter4\framework\system\Database\BaseConnection.php(795): CodeIgniter\Database\BaseConnection->initialize()
#3 C:\Paginas\Jusea\vendor\codeigniter4\framework\system\Database\BaseBuilder.php(1649): CodeIgniter\Database\BaseConnection->query()
#4 C:\Paginas\Jusea\vendor\codeigniter4\framework\system\Model.php(295): CodeIgniter\Database\BaseBuilder->get()
#5 C:\Paginas\Jusea\vendor\codeigniter4\framework\system\BaseModel.php(714): CodeIgniter\Model->doFirst()
#6 C:\Paginas\Jusea\app\Models\UsuarioModel.php(71): CodeIgniter\BaseModel->first()
#7 C:\Paginas\Jusea\app\Controllers\AuthController.php(40): App\Models\UsuarioModel->autenticar()
#8 C:\Paginas\Jusea\vendor\codeigniter4\framework\system\CodeIgniter.php(951): App\Controllers\AuthController->authenticate()
#9 C:\Paginas\Jusea\vendor\codeigniter4\framework\system\CodeIgniter.php(497): CodeIgniter\CodeIgniter->runController()
#10 C:\Paginas\Jusea\vendor\codeigniter4\framework\system\CodeIgniter.php(340): CodeIgniter\CodeIgniter->handleRequest()
#11 C:\Paginas\Jusea\vendor\codeigniter4\framework\system\Boot.php(417): CodeIgniter\CodeIgniter->run()
#12 C:\Paginas\Jusea\vendor\codeigniter4\framework\system\Boot.php(68): CodeIgniter\Boot::runCodeIgniter()
#13 C:\Paginas\Jusea\public\index.php(54): CodeIgniter\Boot::bootWeb()
#14 {main}

Next CodeIgniter\Database\Exceptions\DatabaseException: An attempt was made to access a socket in a way forbidden by its access permissions in C:\Paginas\Jusea\vendor\codeigniter4\framework\system\Database\MySQLi\Connection.php:231
Stack trace:
#0 C:\Paginas\Jusea\vendor\codeigniter4\framework\system\Database\BaseConnection.php(555): CodeIgniter\Database\MySQLi\Connection->connect()
#1 C:\Paginas\Jusea\vendor\codeigniter4\framework\system\Database\BaseConnection.php(795): CodeIgniter\Database\BaseConnection->initialize()
#2 C:\Paginas\Jusea\vendor\codeigniter4\framework\system\Database\BaseBuilder.php(1649): CodeIgniter\Database\BaseConnection->query()
#3 C:\Paginas\Jusea\vendor\codeigniter4\framework\system\Model.php(295): CodeIgniter\Database\BaseBuilder->get()
#4 C:\Paginas\Jusea\vendor\codeigniter4\framework\system\BaseModel.php(714): CodeIgniter\Model->doFirst()
#5 C:\Paginas\Jusea\app\Models\UsuarioModel.php(71): CodeIgniter\BaseModel->first()
#6 C:\Paginas\Jusea\app\Controllers\AuthController.php(40): App\Models\UsuarioModel->autenticar()
#7 C:\Paginas\Jusea\vendor\codeigniter4\framework\system\CodeIgniter.php(951): App\Controllers\AuthController->authenticate()
#8 C:\Paginas\Jusea\vendor\codeigniter4\framework\system\CodeIgniter.php(497): CodeIgniter\CodeIgniter->runController()
#9 C:\Paginas\Jusea\vendor\codeigniter4\framework\system\CodeIgniter.php(340): CodeIgniter\CodeIgniter->handleRequest()
#10 C:\Paginas\Jusea\vendor\codeigniter4\framework\system\Boot.php(417): CodeIgniter\CodeIgniter->run()
#11 C:\Paginas\Jusea\vendor\codeigniter4\framework\system\Boot.php(68): CodeIgniter\Boot::runCodeIgniter()
#12 C:\Paginas\Jusea\public\index.php(54): CodeIgniter\Boot::bootWeb()
#13 {main}
CRITICAL - 2026-04-27 20:32:26 --> CodeIgniter\Database\Exceptions\DatabaseException: Unable to connect to the database.
Main connection [MySQLi]: An attempt was made to access a socket in a way forbidden by its access permissions
[Method: POST, Route: login]
in SYSTEMPATH\Database\BaseConnection.php on line 606.
 1 SYSTEMPATH\Database\BaseConnection.php(795): CodeIgniter\Database\BaseConnection->initialize()
 2 SYSTEMPATH\Database\BaseBuilder.php(1649): CodeIgniter\Database\BaseConnection->query()
 3 SYSTEMPATH\Model.php(295): CodeIgniter\Database\BaseBuilder->get()
 4 SYSTEMPATH\BaseModel.php(714): CodeIgniter\Model->doFirst()
 5 APPPATH\Models\UsuarioModel.php(71): CodeIgniter\BaseModel->first()
 6 APPPATH\Controllers\AuthController.php(40): App\Models\UsuarioModel->autenticar()
 7 SYSTEMPATH\CodeIgniter.php(951): App\Controllers\AuthController->authenticate()
 8 SYSTEMPATH\CodeIgniter.php(497): CodeIgniter\CodeIgniter->runController()
 9 SYSTEMPATH\CodeIgniter.php(340): CodeIgniter\CodeIgniter->handleRequest()
10 SYSTEMPATH\Boot.php(417): CodeIgniter\CodeIgniter->run()
11 SYSTEMPATH\Boot.php(68): CodeIgniter\Boot::runCodeIgniter()
12 FCPATH\index.php(54): CodeIgniter\Boot::bootWeb()
ERROR - 2026-04-27 20:35:52 --> Error connecting to the database: mysqli_sql_exception: An attempt was made to access a socket in a way forbidden by its access permissions in C:\Paginas\Jusea\vendor\codeigniter4\framework\system\Database\MySQLi\Connection.php:201
Stack trace:
#0 C:\Paginas\Jusea\vendor\codeigniter4\framework\system\Database\MySQLi\Connection.php(201): mysqli->real_connect()
#1 C:\Paginas\Jusea\vendor\codeigniter4\framework\system\Database\BaseConnection.php(555): CodeIgniter\Database\MySQLi\Connection->connect()
#2 C:\Paginas\Jusea\vendor\codeigniter4\framework\system\Database\BaseConnection.php(795): CodeIgniter\Database\BaseConnection->initialize()
#3 C:\Paginas\Jusea\vendor\codeigniter4\framework\system\Database\BaseBuilder.php(1649): CodeIgniter\Database\BaseConnection->query()
#4 C:\Paginas\Jusea\vendor\codeigniter4\framework\system\Model.php(295): CodeIgniter\Database\BaseBuilder->get()
#5 C:\Paginas\Jusea\vendor\codeigniter4\framework\system\BaseModel.php(714): CodeIgniter\Model->doFirst()
#6 C:\Paginas\Jusea\app\Models\UsuarioModel.php(71): CodeIgniter\BaseModel->first()
#7 C:\Paginas\Jusea\app\Controllers\AuthController.php(40): App\Models\UsuarioModel->autenticar()
#8 C:\Paginas\Jusea\vendor\codeigniter4\framework\system\CodeIgniter.php(951): App\Controllers\AuthController->authenticate()
#9 C:\Paginas\Jusea\vendor\codeigniter4\framework\system\CodeIgniter.php(497): CodeIgniter\CodeIgniter->runController()
#10 C:\Paginas\Jusea\vendor\codeigniter4\framework\system\CodeIgniter.php(340): CodeIgniter\CodeIgniter->handleRequest()
#11 C:\Paginas\Jusea\vendor\codeigniter4\framework\system\Boot.php(417): CodeIgniter\CodeIgniter->run()
#12 C:\Paginas\Jusea\vendor\codeigniter4\framework\system\Boot.php(68): CodeIgniter\Boot::runCodeIgniter()
#13 C:\Paginas\Jusea\public\index.php(54): CodeIgniter\Boot::bootWeb()
#14 {main}

Next CodeIgniter\Database\Exceptions\DatabaseException: An attempt was made to access a socket in a way forbidden by its access permissions in C:\Paginas\Jusea\vendor\codeigniter4\framework\system\Database\MySQLi\Connection.php:231
Stack trace:
#0 C:\Paginas\Jusea\vendor\codeigniter4\framework\system\Database\BaseConnection.php(555): CodeIgniter\Database\MySQLi\Connection->connect()
#1 C:\Paginas\Jusea\vendor\codeigniter4\framework\system\Database\BaseConnection.php(795): CodeIgniter\Database\BaseConnection->initialize()
#2 C:\Paginas\Jusea\vendor\codeigniter4\framework\system\Database\BaseBuilder.php(1649): CodeIgniter\Database\BaseConnection->query()
#3 C:\Paginas\Jusea\vendor\codeigniter4\framework\system\Model.php(295): CodeIgniter\Database\BaseBuilder->get()
#4 C:\Paginas\Jusea\vendor\codeigniter4\framework\system\BaseModel.php(714): CodeIgniter\Model->doFirst()
#5 C:\Paginas\Jusea\app\Models\UsuarioModel.php(71): CodeIgniter\BaseModel->first()
#6 C:\Paginas\Jusea\app\Controllers\AuthController.php(40): App\Models\UsuarioModel->autenticar()
#7 C:\Paginas\Jusea\vendor\codeigniter4\framework\system\CodeIgniter.php(951): App\Controllers\AuthController->authenticate()
#8 C:\Paginas\Jusea\vendor\codeigniter4\framework\system\CodeIgniter.php(497): CodeIgniter\CodeIgniter->runController()
#9 C:\Paginas\Jusea\vendor\codeigniter4\framework\system\CodeIgniter.php(340): CodeIgniter\CodeIgniter->handleRequest()
#10 C:\Paginas\Jusea\vendor\codeigniter4\framework\system\Boot.php(417): CodeIgniter\CodeIgniter->run()
#11 C:\Paginas\Jusea\vendor\codeigniter4\framework\system\Boot.php(68): CodeIgniter\Boot::runCodeIgniter()
#12 C:\Paginas\Jusea\public\index.php(54): CodeIgniter\Boot::bootWeb()
#13 {main}
CRITICAL - 2026-04-27 20:35:52 --> CodeIgniter\Database\Exceptions\DatabaseException: Unable to connect to the database.
Main connection [MySQLi]: An attempt was made to access a socket in a way forbidden by its access permissions
[Method: POST, Route: login]
in SYSTEMPATH\Database\BaseConnection.php on line 606.
 1 SYSTEMPATH\Database\BaseConnection.php(795): CodeIgniter\Database\BaseConnection->initialize()
 2 SYSTEMPATH\Database\BaseBuilder.php(1649): CodeIgniter\Database\BaseConnection->query()
 3 SYSTEMPATH\Model.php(295): CodeIgniter\Database\BaseBuilder->get()
 4 SYSTEMPATH\BaseModel.php(714): CodeIgniter\Model->doFirst()
 5 APPPATH\Models\UsuarioModel.php(71): CodeIgniter\BaseModel->first()
 6 APPPATH\Controllers\AuthController.php(40): App\Models\UsuarioModel->autenticar()
 7 SYSTEMPATH\CodeIgniter.php(951): App\Controllers\AuthController->authenticate()
 8 SYSTEMPATH\CodeIgniter.php(497): CodeIgniter\CodeIgniter->runController()
 9 SYSTEMPATH\CodeIgniter.php(340): CodeIgniter\CodeIgniter->handleRequest()
10 SYSTEMPATH\Boot.php(417): CodeIgniter\CodeIgniter->run()
11 SYSTEMPATH\Boot.php(68): CodeIgniter\Boot::runCodeIgniter()
12 FCPATH\index.php(54): CodeIgniter\Boot::bootWeb()
ERROR - 2026-04-27 20:36:24 --> Error connecting to the database: mysqli_sql_exception: An attempt was made to access a socket in a way forbidden by its access permissions in C:\Paginas\Jusea\vendor\codeigniter4\framework\system\Database\MySQLi\Connection.php:201
Stack trace:
#0 C:\Paginas\Jusea\vendor\codeigniter4\framework\system\Database\MySQLi\Connection.php(201): mysqli->real_connect()
#1 C:\Paginas\Jusea\vendor\codeigniter4\framework\system\Database\BaseConnection.php(555): CodeIgniter\Database\MySQLi\Connection->connect()
#2 C:\Paginas\Jusea\vendor\codeigniter4\framework\system\Database\BaseConnection.php(795): CodeIgniter\Database\BaseConnection->initialize()
#3 C:\Paginas\Jusea\vendor\codeigniter4\framework\system\Database\BaseBuilder.php(1649): CodeIgniter\Database\BaseConnection->query()
#4 C:\Paginas\Jusea\vendor\codeigniter4\framework\system\Model.php(295): CodeIgniter\Database\BaseBuilder->get()
#5 C:\Paginas\Jusea\vendor\codeigniter4\framework\system\BaseModel.php(714): CodeIgniter\Model->doFirst()
#6 C:\Paginas\Jusea\app\Models\UsuarioModel.php(71): CodeIgniter\BaseModel->first()
#7 C:\Paginas\Jusea\app\Controllers\AuthController.php(40): App\Models\UsuarioModel->autenticar()
#8 C:\Paginas\Jusea\vendor\codeigniter4\framework\system\CodeIgniter.php(951): App\Controllers\AuthController->authenticate()
#9 C:\Paginas\Jusea\vendor\codeigniter4\framework\system\CodeIgniter.php(497): CodeIgniter\CodeIgniter->runController()
#10 C:\Paginas\Jusea\vendor\codeigniter4\framework\system\CodeIgniter.php(340): CodeIgniter\CodeIgniter->handleRequest()
#11 C:\Paginas\Jusea\vendor\codeigniter4\framework\system\Boot.php(417): CodeIgniter\CodeIgniter->run()
#12 C:\Paginas\Jusea\vendor\codeigniter4\framework\system\Boot.php(68): CodeIgniter\Boot::runCodeIgniter()
#13 C:\Paginas\Jusea\public\index.php(54): CodeIgniter\Boot::bootWeb()
#14 {main}

Next CodeIgniter\Database\Exceptions\DatabaseException: An attempt was made to access a socket in a way forbidden by its access permissions in C:\Paginas\Jusea\vendor\codeigniter4\framework\system\Database\MySQLi\Connection.php:231
Stack trace:
#0 C:\Paginas\Jusea\vendor\codeigniter4\framework\system\Database\BaseConnection.php(555): CodeIgniter\Database\MySQLi\Connection->connect()
#1 C:\Paginas\Jusea\vendor\codeigniter4\framework\system\Database\BaseConnection.php(795): CodeIgniter\Database\BaseConnection->initialize()
#2 C:\Paginas\Jusea\vendor\codeigniter4\framework\system\Database\BaseBuilder.php(1649): CodeIgniter\Database\BaseConnection->query()
#3 C:\Paginas\Jusea\vendor\codeigniter4\framework\system\Model.php(295): CodeIgniter\Database\BaseBuilder->get()
#4 C:\Paginas\Jusea\vendor\codeigniter4\framework\system\BaseModel.php(714): CodeIgniter\Model->doFirst()
#5 C:\Paginas\Jusea\app\Models\UsuarioModel.php(71): CodeIgniter\BaseModel->first()
#6 C:\Paginas\Jusea\app\Controllers\AuthController.php(40): App\Models\UsuarioModel->autenticar()
#7 C:\Paginas\Jusea\vendor\codeigniter4\framework\system\CodeIgniter.php(951): App\Controllers\AuthController->authenticate()
#8 C:\Paginas\Jusea\vendor\codeigniter4\framework\system\CodeIgniter.php(497): CodeIgniter\CodeIgniter->runController()
#9 C:\Paginas\Jusea\vendor\codeigniter4\framework\system\CodeIgniter.php(340): CodeIgniter\CodeIgniter->handleRequest()
#10 C:\Paginas\Jusea\vendor\codeigniter4\framework\system\Boot.php(417): CodeIgniter\CodeIgniter->run()
#11 C:\Paginas\Jusea\vendor\codeigniter4\framework\system\Boot.php(68): CodeIgniter\Boot::runCodeIgniter()
#12 C:\Paginas\Jusea\public\index.php(54): CodeIgniter\Boot::bootWeb()
#13 {main}
CRITICAL - 2026-04-27 20:36:24 --> CodeIgniter\Database\Exceptions\DatabaseException: Unable to connect to the database.
Main connection [MySQLi]: An attempt was made to access a socket in a way forbidden by its access permissions
[Method: POST, Route: login]
in SYSTEMPATH\Database\BaseConnection.php on line 606.
 1 SYSTEMPATH\Database\BaseConnection.php(795): CodeIgniter\Database\BaseConnection->initialize()
 2 SYSTEMPATH\Database\BaseBuilder.php(1649): CodeIgniter\Database\BaseConnection->query()
 3 SYSTEMPATH\Model.php(295): CodeIgniter\Database\BaseBuilder->get()
 4 SYSTEMPATH\BaseModel.php(714): CodeIgniter\Model->doFirst()
 5 APPPATH\Models\UsuarioModel.php(71): CodeIgniter\BaseModel->first()
 6 APPPATH\Controllers\AuthController.php(40): App\Models\UsuarioModel->autenticar()
 7 SYSTEMPATH\CodeIgniter.php(951): App\Controllers\AuthController->authenticate()
 8 SYSTEMPATH\CodeIgniter.php(497): CodeIgniter\CodeIgniter->runController()
 9 SYSTEMPATH\CodeIgniter.php(340): CodeIgniter\CodeIgniter->handleRequest()
10 SYSTEMPATH\Boot.php(417): CodeIgniter\CodeIgniter->run()
11 SYSTEMPATH\Boot.php(68): CodeIgniter\Boot::runCodeIgniter()
12 FCPATH\index.php(54): CodeIgniter\Boot::bootWeb()
